// Vitest Snapshot v1, https://vitest.dev/guide/snapshot.html

exports[`Luna Moon Companion - Behavioral Driven Tests > Feature: Visual DOM Structure Snapshots > Scenario: Hub structure (moon + wizard) matches the design pattern 1`] = `
"

  <!-- The Draggable Moon -->
  <div class="moon-container" id="moon" data-tauri-drag-region="">
    <!-- Ambient ladder, rung 1 (Phase 5): the needs-input pip. Lights when a
         job asks for operator input (job-input-request broadcast); clears on
         the bridge's dismissal broadcast (answered/cancelled/expired). -->
    <div class="needs-input-pip" id="needs-input-pip" aria-hidden="true" hidden=""></div>
    <!-- Ambient ladder, update rung (Slice C): a quiet accent-tinted pip that
         lights when the Rust updater has staged a verified build (update://ready).
         Mirrors .needs-input-pip but with the watercolor accent glow (updates are
         good news, not an alert). Clicking it opens the Updates panel; the moon's
         own click still opens chat (this pip is pointer-events:auto so the click
         lands on it, not the drag region behind it). -->
    <div class="update-pip" id="update-pip" aria-hidden="true" hidden=""></div>
    <div class="moon-aura" aria-hidden="true"></div>
    <div class="moon-wrapper" id="moon-wrapper">
      <div class="moon-glow"></div>
      <div class="moon-sphere">
        <!-- Premium Crescent Moon SVG with a glowing lunar gradient and cute craters -->
        <svg class="moon-svg" viewBox="0 0 100 100">
          <defs>
            <linearGradient id="crescent-grad" x1="0%" y1="0%" x2="100%" y2="100%">
              <stop offset="0%" stop-color="#ffffff"></stop>
              <stop offset="35%" stop-color="#e2ecfd"></stop>
              <stop offset="70%" stop-color="#8ab4f8"></stop>
              <stop offset="100%" stop-color="#1b2a4a"></stop>
            </linearGradient>
            <filter id="glow-filter" x="-20%" y="-20%" width="140%" height="140%">
              <feGaussianBlur stdDeviation="3" result="blur"></feGaussianBlur>
              <feComposite in="SourceGraphic" in2="blur" operator="over"></feComposite>
            </filter>
          </defs>
          <!-- Crescent Path: perfectly smooth golden/blue crescent curve -->
          <path d="M 62 12 A 38 38 0 1 0 88 62 A 30 30 0 1 1 62 12 Z" fill="url(#crescent-grad)" filter="url(#glow-filter)"></path>
          <!-- Cute Craters inside the crescent body -->
          <circle cx="40" cy="42" r="4.5" fill="#05070f" opacity="0.35"></circle>
          <circle cx="34" cy="60" r="3.5" fill="#05070f" opacity="0.35"></circle>
          <circle cx="48" cy="28" r="3" fill="#05070f" opacity="0.35"></circle>
          <circle cx="28" cy="48" r="2.5" fill="#05070f" opacity="0.3"></circle>
        </svg>
      </div>
    </div>
  </div>

  <!-- ════════════════════════════════════════════════════════════════════
       Setup Wizard — multi-step first-run flow. Auto-opens when no
       connection has ever been configured (SetupWizard.maybeAutoOpen, gated
       on a real Tauri runtime so jsdom/frontend-dev never see it uninvited);
       re-runnable from Settings → Connection → Setup wizard. Three paths:
         · local   — install + start the Luna server on THIS Mac via
                     local_shell_exec (git clone → bun install → wake → pulse)
         · remote  — collect a host, hand back a tailored copy-paste install
                     command, then verify the resulting server
         · connect — point the moon at a Luna that is already running
       Every path funnels into the same connect step: a live hello-frame
       probe against the entered URL, then persist via save_connection. ═══ -->
  <div class="wizard-panel" id="setup-wizard" aria-hidden="true">
    <div class="wizard-card" role="dialog" aria-modal="true" aria-label="Luna setup">
      <div class="wizard-wash" aria-hidden="true">
        <span class="wash-blot wash-a"></span>
        <span class="wash-blot wash-b"></span>
        <span class="wash-blot wash-c"></span>
      </div>
      <button type="button" class="settings-x wizard-x" id="wizard-close-x" aria-label="Close setup">
        <svg viewBox="0 0 24 24" width="16" height="16" stroke="currentColor" stroke-width="2.5" fill="none" stroke-linecap="round" stroke-linejoin="round">
          <line x1="18" y1="6" x2="6" y2="18"></line>
          <line x1="6" y1="6" x2="18" y2="18"></line>
        </svg>
      </button>
      <div class="wizard-beads" id="wizard-beads" aria-hidden="true">
        <span class="wizard-bead" data-bead="0"></span>
        <span class="wizard-bead" data-bead="1"></span>
        <span class="wizard-bead" data-bead="2"></span>
        <span class="wizard-bead" data-bead="3"></span>
        <span class="wizard-bead" data-bead="4"></span>
      </div>
      <div class="wizard-body">

        <div class="wizard-step active" data-step="welcome">
          <div class="wizard-hero-blot" aria-hidden="true"></div>
          <h2>Welcome to Luna</h2>
          <p class="wizard-sub">Hi — I’m your moon. I just need to know where Luna, my other half, should live. Pick a spot on the next screen and I’ll take care of the rest.</p>
          <div class="wizard-actions">
            <button type="button" class="wizard-ghost-btn" id="wizard-skip">Skip for now</button>
            <button type="button" class="wizard-primary-btn" id="wizard-begin">Begin</button>
          </div>
        </div>

        <div class="wizard-step" data-step="path">
          <h2>Where should Luna live?</h2>
          <p class="wizard-sub">You can change your mind any time — this wizard lives in Settings.</p>
          <div class="wizard-paths">
            <button type="button" class="wizard-path-card" data-path="local">
              <span class="wizard-blot-icon" aria-hidden="true">
                <svg viewBox="0 0 24 24"><rect x="3" y="4.5" width="18" height="12" rx="1.8"></rect><line x1="8.5" y1="20" x2="15.5" y2="20"></line><line x1="12" y1="16.5" x2="12" y2="20"></line></svg>
              </span>
              <span class="wizard-path-title">This Mac</span>
              <span class="wizard-path-desc" id="wizard-path-local-desc">Everything stays private, right on this computer</span>
            </button>
            <button type="button" class="wizard-path-card" data-path="remote">
              <span class="wizard-blot-icon" aria-hidden="true">
                <svg viewBox="0 0 24 24"><rect x="3" y="3.5" width="18" height="7" rx="1.6"></rect><rect x="3" y="13.5" width="18" height="7" rx="1.6"></rect><circle cx="7" cy="7" r="0.6"></circle><circle cx="7" cy="17" r="0.6"></circle></svg>
              </span>
              <span class="wizard-path-title">My own server</span>
              <span class="wizard-path-desc">For a home server or Linux box you own</span>
            </button>
            <button type="button" class="wizard-path-card" data-path="connect">
              <span class="wizard-blot-icon" aria-hidden="true">
                <svg viewBox="0 0 24 24"><path d="M10 13a5 5 0 0 0 7.5.5l3-3a5 5 0 0 0-7-7l-1.7 1.7"></path><path d="M14 11a5 5 0 0 0-7.5-.5l-3 3a5 5 0 0 0 7 7l1.7-1.7"></path></svg>
              </span>
              <span class="wizard-path-title">Already running</span>
              <span class="wizard-path-desc">Just connect to a Luna that exists somewhere</span>
            </button>
          </div>
          <p class="wizard-sub wizard-detect-note" id="wizard-detect-note" hidden=""></p>
          <div class="wizard-actions">
            <button type="button" class="wizard-ghost-btn" id="wizard-path-back">Back</button>
          </div>
        </div>

        <div class="wizard-step" data-step="local">
          <h2 id="wizard-local-title">Set up Luna on this Mac</h2>
          <p class="wizard-sub" id="wizard-local-sub">I’ll download Luna, set her up, and wake her — all on this machine. Nothing leaves your Mac.</p>
          <details class="wizard-advanced">
            <summary>Advanced options</summary>
            <div class="wizard-field">
              <label for="wizard-local-dir">Install folder</label>
              <input type="text" id="wizard-local-dir" class="premium-text-input" value="~/luna" spellcheck="false" autocomplete="off">
              <span class="field-hint">Luna’s code lives here; her data and settings live in ~/.luna. The defaults are fine for almost everyone.</span>
            </div>
          </details>
          <div class="wizard-actions">
            <button type="button" class="wizard-ghost-btn" id="wizard-local-back">Back</button>
            <button type="button" class="wizard-ghost-btn" id="wizard-local-connect" hidden="">Just connect to it</button>
            <button type="button" class="wizard-primary-btn" id="wizard-local-start">Install &amp; start</button>
          </div>
        </div>

        <div class="wizard-step" data-step="progress">
          <h2 id="wizard-progress-title">Painting Luna onto this Mac…</h2>
          <p class="wizard-sub" id="wizard-progress-sub">This can take a few minutes the first time. Feel free to watch the beads.</p>
          <div class="wizard-tasks" id="wizard-progress-list"></div>
          <pre class="wizard-log" id="wizard-progress-log" hidden=""></pre>
          <div class="wizard-actions">
            <button type="button" class="wizard-ghost-btn" id="wizard-progress-back" hidden="">Back</button>
            <button type="button" class="wizard-primary-btn" id="wizard-progress-next" hidden="">Connect to it</button>
          </div>
        </div>

        <div class="wizard-step" data-step="remote">
          <h2>Install on your server</h2>
          <p class="wizard-sub">Tell me your server’s name and I’ll write the whole command for you. Paste it into the Terminal app, let it finish, then come back here.</p>
          <div class="wizard-field">
            <label for="wizard-remote-host">Your server</label>
            <input type="text" id="wizard-remote-host" class="premium-text-input" placeholder="like: me@my-server" spellcheck="false" autocomplete="off">
          </div>
          <div class="wizard-cmd-block">
            <button type="button" class="wizard-copy-btn" id="wizard-remote-copy">Copy</button>
            <pre id="wizard-remote-cmd"></pre>
          </div>
          <div class="wizard-field">
            <span class="field-hint">When it finishes, the last line it prints is your secret key — keep it handy, you’ll paste it on the next step. (For safety, Luna talks only over your private network, like Tailscale.)</span>
          </div>
          <div class="wizard-actions">
            <button type="button" class="wizard-ghost-btn" id="wizard-remote-back">Back</button>
            <button type="button" class="wizard-primary-btn" id="wizard-remote-continue">I ran it — continue</button>
          </div>
        </div>

        <div class="wizard-step" data-step="connect">
          <h2>Point your moon at Luna</h2>
          <p class="wizard-sub">Where does Luna live? I’ll listen for her hello before saving anything.</p>
          <div class="wizard-field">
            <label for="wizard-connect-url">Luna’s address</label>
            <input type="text" id="wizard-connect-url" class="premium-text-input" placeholder="ws://127.0.0.1:4753/ui" spellcheck="false" autocomplete="off">
          </div>
          <div class="wizard-field">
            <label for="wizard-connect-token">Secret key <span style="font-weight:400;color:#64748b;">(optional)</span></label>
            <input type="password" id="wizard-connect-token" class="premium-text-input" placeholder="Printed during install — leave empty if you don’t have one" autocomplete="off">
          </div>
          <div class="wizard-connect-status" id="wizard-connect-status"></div>
          <div class="wizard-actions">
            <button type="button" class="wizard-ghost-btn" id="wizard-connect-back">Back</button>
            <button type="button" class="wizard-ghost-btn" id="wizard-test-btn">Test connection</button>
            <button type="button" class="wizard-primary-btn" id="wizard-finish-btn">Save &amp; finish</button>
          </div>
        </div>

        <div class="wizard-step" data-step="done">
          <div class="wizard-hero-blot" aria-hidden="true"></div>
          <h2 id="wizard-done-title">Luna is tethered</h2>
          <p class="wizard-sub" id="wizard-done-summary">Your moon has a home.</p>
          <!-- Shown only when the verified hello reported setup mode: the
               server is alive but has no Claude login yet, so chat would
               otherwise fail silently. Gold = needs-your-input, per the
               moon's notification language. -->
          <p class="wizard-sub wizard-setup-note" id="wizard-done-setup" hidden="">Luna is awake, but she hasn’t met Claude yet. In the Terminal app run <code>claude setup-token</code>, copy the token it prints, and add this line to <code>~/.luna/.env</code> on Luna’s machine:<br><code>CLAUDE_CODE_OAUTH_TOKEN=…the token…</code><br>Then restart Luna (re-run this wizard and pick “This Mac” → Update) and she’s ready to chat.</p>
          <p class="wizard-sub" style="font-size: 0.74rem;">Your moon keeps itself up to date on its own — and any time Luna herself needs a refresh, just re-run this wizard from Settings and pick “This Mac” again.</p>
          <div class="wizard-actions">
            <button type="button" class="wizard-primary-btn" id="wizard-done-btn">Start chatting</button>
          </div>
        </div>

      </div>
    </div>
  </div>

  <script>/* elided for snapshot */</script>
"
`;
